> Task :app:preBuild UP-TO-DATE
> Task :app:preReleaseBuild UP-TO-DATE
> Task :app:mergeReleaseJniLibFolders UP-TO-DATE
> Task :app:mergeReleaseNativeLibs FAILED
[Incubating] Problems report is available at: file:///C:/Users/DawgN/APK_Analyzer/Android-Insight/build/reports/problems/problems-report.html
.\gradlew.bat : 
At line:1 char:1
+ .\gradlew.bat 
assembleRelease 
> 
build-output.txt 
2>&1
+ ~~~~~~~~~~~~~~~
~~~~~~~~~~~~~~~~~
~~~~~~~~~~~~~~~~~
~~~~
    + CategoryIn 
   fo            
  : NotSpecifi   
 ed: (:String    
) [], Remote    
Exception
    + FullyQuali 
   fiedErrorId   
  : NativeComm   
 andError
 
FAILURE: Build 
failed with an 
exception.

Deprecated Gradle features were used in this build, making it incompatible with Gradle 9.0.

You can use '--warning-mode all' to show the individual deprecation warnings and determine if they come from your own scripts or plugins.

For more on this, please refer to https://docs.gradle.org/8.11.1/userguide/command_line_interface.html#sec:command_line_warnings in the Gradle documentation.
2 actionable tasks: 1 executed, 1 up-to-date

* What went 
wrong:
Execution failed 
for task ':app:me
rgeReleaseNativeL
ibs'.
> Could not 
resolve all 
files for 
configuration ':a
pp:releaseRuntime
Classpath'.
   > Cannot 
resolve external 
dependency org.je
tbrains.kotlin:ko
tlin-stdlib:1.9.2
0 because no 
repositories are 
defined.
     Required by:
         project 
:app
   > Cannot 
resolve external 
dependency androi
dx.core:core-ktx:
1.12.0 because 
no repositories 
are defined.
     Required by:
         project 
:app
   > Cannot 
resolve external 
dependency androi
dx.appcompat:appc
ompat:1.6.1 
because no 
repositories are 
defined.
     Required by:
         project 
:app
   > Cannot 
resolve external 
dependency com.go
ogle.android.mate
rial:material:1.1
1.0 because no 
repositories are 
defined.
     Required by:
         project 
:app
   > Cannot 
resolve external 
dependency androi
dx.constraintlayo
ut:constraintlayo
ut:2.1.4 because 
no repositories 
are defined.
     Required by:
         project 
:app
   > Cannot 
resolve external 
dependency androi
dx.room:room-runt
ime:2.6.1 
because no 
repositories are 
defined.
     Required by:
         project 
:app
   > Cannot 
resolve external 
dependency androi
dx.room:room-ktx:
2.6.1 because no 
repositories are 
defined.
     Required by:
         project 
:app
   > Cannot 
resolve external 
dependency androi
dx.lifecycle:life
cycle-viewmodel-k
tx:2.7.0 because 
no repositories 
are defined.
     Required by:
         project 
:app
   > Cannot 
resolve external 
dependency androi
dx.lifecycle:life
cycle-livedata-kt
x:2.7.0 because 
no repositories 
are defined.
     Required by:
         project 
:app
   > Cannot 
resolve external 
dependency org.je
tbrains.kotlinx:k
otlinx-coroutines
-android:1.7.3 
because no 
repositories are 
defined.
     Required by:
         project 
:app
   > Cannot 
resolve external 
dependency androi
dx.navigation:nav
igation-fragment-
ktx:2.7.6 
because no 
repositories are 
defined.
     Required by:
         project 
:app
   > Cannot 
resolve external 
dependency androi
dx.navigation:nav
igation-ui-ktx:2.
7.6 because no 
repositories are 
defined.
     Required by:
         project 
:app
   > Cannot 
resolve external 
dependency org.sm
ali:dexlib2:2.5.2
 because no 
repositories are 
defined.
     Required by:
         project 
:app
   > Cannot 
resolve external 
dependency org.ap
ache.commons:comm
ons-compress:1.24
.0 because no 
repositories are 
defined.
     Required by:
         project 
:app
   > Cannot 
resolve external 
dependency common
s-io:commons-io:2
.11.0 because no 
repositories are 
defined.
     Required by:
         project 
:app
   > Cannot 
resolve external 
dependency org.je
tbrains.kotlin:ko
tlin-parcelize-ru
ntime:1.9.22 
because no 
repositories are 
defined.
     Required by:
         project 
:app

* Try:
> Run with 
--stacktrace 
option to get 
the stack trace.
> Run with 
--info or 
--debug option 
to get more log 
output.
> Run with 
--scan to get 
full insights.
> Get more help 
at https://help.g
radle.org.

BUILD FAILED in 
4s
